CRITICAL - 2026-09-28 10:10:11 --> ErrorException: include(partials/toast_container): Failed to open stream: No such file or directory
[Method: GET, Route: login]
in APPPATH/Views/layout.php on line 68.
 1 APPPATH/Views/layout.php(68): CodeIgniter\Debug\Exceptions->errorHandler()
 2 APPPATH/Views/layout.php(68): include()
 3 SYSTEMPATH/View/View.php(240): include('/var/www/html/nusa/app/Views/layout.php')
 4 SYSTEMPATH/View/View.php(243): CodeIgniter\View\View->CodeIgniter\View\{closure}()
 5 SYSTEMPATH/View/View.php(256): CodeIgniter\View\View->render()
 6 SYSTEMPATH/Common.php(1268): CodeIgniter\View\View->render()
 7 APPPATH/Controllers/AuthController.php(12): view()
 8 SYSTEMPATH/CodeIgniter.php(974): App\Controllers\AuthController->index()
 9 SYSTEMPATH/CodeIgniter.php(520): CodeIgniter\CodeIgniter->runController()
10 SYSTEMPATH/CodeIgniter.php(363): CodeIgniter\CodeIgniter->handleRequest()
11 SYSTEMPATH/Boot.php(417): CodeIgniter\CodeIgniter->run()
12 SYSTEMPATH/Boot.php(68): CodeIgniter\Boot::runCodeIgniter()
13 FCPATH/index.php(59): CodeIgniter\Boot::bootWeb()
CRITICAL - 2026-09-28 10:10:30 --> ErrorException: include(partials/toast_container): Failed to open stream: No such file or directory
[Method: GET, Route: login]
in APPPATH/Views/layout.php on line 68.
 1 APPPATH/Views/layout.php(68): CodeIgniter\Debug\Exceptions->errorHandler()
 2 APPPATH/Views/layout.php(68): include()
 3 SYSTEMPATH/View/View.php(240): include('/var/www/html/nusa/app/Views/layout.php')
 4 SYSTEMPATH/View/View.php(243): CodeIgniter\View\View->CodeIgniter\View\{closure}()
 5 SYSTEMPATH/View/View.php(256): CodeIgniter\View\View->render()
 6 SYSTEMPATH/Common.php(1268): CodeIgniter\View\View->render()
 7 APPPATH/Controllers/AuthController.php(12): view()
 8 SYSTEMPATH/CodeIgniter.php(974): App\Controllers\AuthController->index()
 9 SYSTEMPATH/CodeIgniter.php(520): CodeIgniter\CodeIgniter->runController()
10 SYSTEMPATH/CodeIgniter.php(363): CodeIgniter\CodeIgniter->handleRequest()
11 SYSTEMPATH/Boot.php(417): CodeIgniter\CodeIgniter->run()
12 SYSTEMPATH/Boot.php(68): CodeIgniter\Boot::runCodeIgniter()
13 FCPATH/index.php(59): CodeIgniter\Boot::bootWeb()
CRITICAL - 2026-09-28 10:28:49 --> Error: Call to undefined method CodeIgniter\View\View::extends()
[Method: GET, Route: /]
in APPPATH/Views/home.php on line 1.
 1 SYSTEMPATH/View/View.php(240): include()
 2 SYSTEMPATH/View/View.php(243): CodeIgniter\View\View->CodeIgniter\View\{closure}()
 3 SYSTEMPATH/Common.php(1268): CodeIgniter\View\View->render()
 4 APPPATH/Controllers/Home.php(9): view()
 5 SYSTEMPATH/CodeIgniter.php(974): App\Controllers\Home->index()
 6 SYSTEMPATH/CodeIgniter.php(520): CodeIgniter\CodeIgniter->runController()
 7 SYSTEMPATH/CodeIgniter.php(363): CodeIgniter\CodeIgniter->handleRequest()
 8 SYSTEMPATH/Boot.php(417): CodeIgniter\CodeIgniter->run()
 9 SYSTEMPATH/Boot.php(68): CodeIgniter\Boot::runCodeIgniter()
10 FCPATH/index.php(59): CodeIgniter\Boot::bootWeb()
CRITICAL - 2026-09-28 10:29:10 --> Error: Call to undefined method CodeIgniter\View\View::extends()
[Method: GET, Route: /]
in APPPATH/Views/app.php on line 1.
 1 SYSTEMPATH/View/View.php(240): include()
 2 SYSTEMPATH/View/View.php(243): CodeIgniter\View\View->CodeIgniter\View\{closure}()
 3 SYSTEMPATH/View/View.php(256): CodeIgniter\View\View->render()
 4 SYSTEMPATH/Common.php(1268): CodeIgniter\View\View->render()
 5 APPPATH/Controllers/Home.php(9): view()
 6 SYSTEMPATH/CodeIgniter.php(974): App\Controllers\Home->index()
 7 SYSTEMPATH/CodeIgniter.php(520): CodeIgniter\CodeIgniter->runController()
 8 SYSTEMPATH/CodeIgniter.php(363): CodeIgniter\CodeIgniter->handleRequest()
 9 SYSTEMPATH/Boot.php(417): CodeIgniter\CodeIgniter->run()
10 SYSTEMPATH/Boot.php(68): CodeIgniter\Boot::runCodeIgniter()
11 FCPATH/index.php(59): CodeIgniter\Boot::bootWeb()
CRITICAL - 2026-09-28 11:15:45 --> ErrorException: Undefined variable $profile
[Method: GET, Route: /]
in APPPATH/Views/htmx/home.php on line 4.
 1 APPPATH/Views/htmx/home.php(4): CodeIgniter\Debug\Exceptions->errorHandler()
 2 SYSTEMPATH/View/View.php(240): include('/var/www/html/nusa/app/Views/htmx/home.php')
 3 SYSTEMPATH/View/View.php(243): CodeIgniter\View\View->CodeIgniter\View\{closure}()
 4 SYSTEMPATH/View/View.php(489): CodeIgniter\View\View->render()
 5 APPPATH/Views/home.php(4): CodeIgniter\View\View->include()
 6 SYSTEMPATH/View/View.php(240): include('/var/www/html/nusa/app/Views/home.php')
 7 SYSTEMPATH/View/View.php(243): CodeIgniter\View\View->CodeIgniter\View\{closure}()
 8 SYSTEMPATH/Common.php(1268): CodeIgniter\View\View->render()
 9 APPPATH/Controllers/Home.php(9): view()
10 SYSTEMPATH/CodeIgniter.php(974): App\Controllers\Home->index()
11 SYSTEMPATH/CodeIgniter.php(520): CodeIgniter\CodeIgniter->runController()
12 SYSTEMPATH/CodeIgniter.php(363): CodeIgniter\CodeIgniter->handleRequest()
13 SYSTEMPATH/Boot.php(417): CodeIgniter\CodeIgniter->run()
14 SYSTEMPATH/Boot.php(68): CodeIgniter\Boot::runCodeIgniter()
15 FCPATH/index.php(59): CodeIgniter\Boot::bootWeb()
CRITICAL - 2026-09-28 11:16:34 --> ErrorException: Undefined variable $profile
[Method: GET, Route: /]
in APPPATH/Views/htmx/home.php on line 4.
 1 APPPATH/Views/htmx/home.php(4): CodeIgniter\Debug\Exceptions->errorHandler()
 2 SYSTEMPATH/View/View.php(240): include('/var/www/html/nusa/app/Views/htmx/home.php')
 3 SYSTEMPATH/View/View.php(243): CodeIgniter\View\View->CodeIgniter\View\{closure}()
 4 SYSTEMPATH/View/View.php(489): CodeIgniter\View\View->render()
 5 APPPATH/Views/home.php(4): CodeIgniter\View\View->include()
 6 SYSTEMPATH/View/View.php(240): include('/var/www/html/nusa/app/Views/home.php')
 7 SYSTEMPATH/View/View.php(243): CodeIgniter\View\View->CodeIgniter\View\{closure}()
 8 SYSTEMPATH/Common.php(1268): CodeIgniter\View\View->render()
 9 APPPATH/Controllers/Home.php(9): view()
10 SYSTEMPATH/CodeIgniter.php(974): App\Controllers\Home->index()
11 SYSTEMPATH/CodeIgniter.php(520): CodeIgniter\CodeIgniter->runController()
12 SYSTEMPATH/CodeIgniter.php(363): CodeIgniter\CodeIgniter->handleRequest()
13 SYSTEMPATH/Boot.php(417): CodeIgniter\CodeIgniter->run()
14 SYSTEMPATH/Boot.php(68): CodeIgniter\Boot::runCodeIgniter()
15 FCPATH/index.php(59): CodeIgniter\Boot::bootWeb()
CRITICAL - 2026-09-28 15:09:56 --> Error: Class "App\Services\UserService" not found
[Method: GET, Route: /]
in APPPATH/Controllers/Home.php on line 11.
 1 SYSTEMPATH/CodeIgniter.php(974): App\Controllers\Home->index()
 2 SYSTEMPATH/CodeIgniter.php(520): CodeIgniter\CodeIgniter->runController()
 3 SYSTEMPATH/CodeIgniter.php(363): CodeIgniter\CodeIgniter->handleRequest()
 4 SYSTEMPATH/Boot.php(417): CodeIgniter\CodeIgniter->run()
 5 SYSTEMPATH/Boot.php(68): CodeIgniter\Boot::runCodeIgniter()
 6 FCPATH/index.php(59): CodeIgniter\Boot::bootWeb()
